---
source: chidori-static-analysis/src/language/python/parse.rs
description: "async def complex_args_function(a, b, c=2, d=3):\n    return a + b + c + d\n    "
---
- - InFunction:
      - complex_args_function
      - start: 0
        end: 73
- - InFunction:
      - complex_args_function
      - start: 0
        end: 73
  - FunctionArguments
  - IdentifierReferredTo:
      name: a
      in_scope: false
      exposed: false
- - InFunction:
      - complex_args_function
      - start: 0
        end: 73
  - FunctionArguments
  - IdentifierReferredTo:
      name: b
      in_scope: false
      exposed: false
- - InFunction:
      - complex_args_function
      - start: 0
        end: 73
  - FunctionArguments
  - IdentifierReferredTo:
      name: c
      in_scope: false
      exposed: false
- - InFunction:
      - complex_args_function
      - start: 0
        end: 73
  - FunctionArguments
  - IdentifierReferredTo:
      name: d
      in_scope: false
      exposed: false
- - InFunction:
      - complex_args_function
      - start: 0
        end: 73
  - IdentifierReferredTo:
      name: a
      in_scope: true
      exposed: false
- - InFunction:
      - complex_args_function
      - start: 0
        end: 73
  - IdentifierReferredTo:
      name: b
      in_scope: true
      exposed: false
- - InFunction:
      - complex_args_function
      - start: 0
        end: 73
  - IdentifierReferredTo:
      name: c
      in_scope: true
      exposed: false
- - InFunction:
      - complex_args_function
      - start: 0
        end: 73
  - IdentifierReferredTo:
      name: d
      in_scope: true
      exposed: false
