---
source: chidori-static-analysis/src/language/python/parse.rs
description: "out = await read_file_and_load_to_memory(\"./\")\n"
---
- - AssignmentToStatement
  - IdentifierReferredTo:
      name: out
      in_scope: false
      exposed: false
- - AssignmentFromStatement
  - InCallExpression
  - Constant: "./"
- - AssignmentFromStatement
  - InCallExpression
  - Constant: "./"
  - IdentifierReferredTo:
      name: read_file_and_load_to_memory
      in_scope: false
      exposed: false
