---
source: chidori-static-analysis/src/language/python/parse.rs
description: "import random\n\ndef fun_name():\n    w = function_that_doesnt_exist()\n    v = 5\n    return v\n\nx = random.randint(0, 10)            "
---
- - InFunction:
      - fun_name
      - start: 15
        end: 90
- - InFunction:
      - fun_name
      - start: 15
        end: 90
  - AssignmentToStatement
  - IdentifierReferredTo:
      - w
      - false
- - InFunction:
      - fun_name
      - start: 15
        end: 90
  - AssignmentFromStatement
  - InCallExpression
  - IdentifierReferredTo:
      - function_that_doesnt_exist
      - false
- - InFunction:
      - fun_name
      - start: 15
        end: 90
  - AssignmentToStatement
  - IdentifierReferredTo:
      - v
      - false
- - InFunction:
      - fun_name
      - start: 15
        end: 90
  - IdentifierReferredTo:
      - v
      - true
- - AssignmentToStatement
  - IdentifierReferredTo:
      - x
      - false
- - AssignmentFromStatement
  - InCallExpression
  - Attribute: randint
  - IdentifierReferredTo:
      - random
      - true
