---
source: chidori-static-analysis/src/language/python/parse.rs
description: "import unittest\n\nclass TestMarshalledValues(unittest.TestCase):\n    def test_addTwo(self):\n        self.assertEqual(addTwo(2), 4)\n\nunittest.TextTestRunner().run(unittest.TestLoader().loadTestsFromTestCase(TestMarshalledValues))\n"
---
- - InClass: TestMarshalledValues
- - InClass: TestMarshalledValues
  - InFunction:
      - test_addTwo
      - start: 68
        end: 129
- - InClass: TestMarshalledValues
  - InFunction:
      - test_addTwo
      - start: 68
        end: 129
  - FunctionArguments
  - IdentifierReferredTo:
      - self
      - false
- - InClass: TestMarshalledValues
  - InFunction:
      - test_addTwo
      - start: 68
        end: 129
  - InCallExpression
  - InCallExpression
  - IdentifierReferredTo:
      - addTwo
      - false
- - InClass: TestMarshalledValues
  - InFunction:
      - test_addTwo
      - start: 68
        end: 129
  - InCallExpression
  - Attribute: assertEqual
  - IdentifierReferredTo:
      - self
      - true
- - InCallExpression
  - InCallExpression
  - IdentifierReferredTo:
      - TestMarshalledValues
      - true
- - InCallExpression
  - InCallExpression
  - Attribute: loadTestsFromTestCase
  - InCallExpression
  - Attribute: TestLoader
  - IdentifierReferredTo:
      - unittest
      - true
- - InCallExpression
  - Attribute: run
  - InCallExpression
  - Attribute: TextTestRunner
  - IdentifierReferredTo:
      - unittest
      - true
