---
source: chidori-static-analysis/src/language/python/parse.rs
description: "def main():\n    bar() | foo() | baz()\n"
---
- - InFunction:
      - main
      - start: 0
        end: 37
- - InFunction:
      - main
      - start: 0
        end: 37
  - InCallExpression
  - IdentifierReferredTo:
      name: bar
      in_scope: false
      exposed: false
- - InFunction:
      - main
      - start: 0
        end: 37
  - InCallExpression
  - IdentifierReferredTo:
      name: foo
      in_scope: false
      exposed: false
- - InFunction:
      - main
      - start: 0
        end: 37
  - InCallExpression
  - IdentifierReferredTo:
      name: baz
      in_scope: false
      exposed: false
