---
source: chidori-static-analysis/src/language/python/parse.rs
description: "from chidori.core import ch\n\nch.prompt.configure(\"default\", ch.llm(model=\"openai\"))\n"
---
- - InCallExpression
  - Constant: default
- - InCallExpression
  - Constant: default
  - InCallExpression
  - Constant: openai
- - InCallExpression
  - Constant: default
  - InCallExpression
  - Constant: openai
  - Attribute: llm
  - IdentifierReferredTo:
      name: ch
      in_scope: false
      exposed: false
- - InCallExpression
  - Constant: default
  - Attribute: configure
  - Attribute: prompt
  - IdentifierReferredTo:
      name: ch
      in_scope: false
      exposed: false
