---
source: chidori-static-analysis/src/language/python/parse.rs
expression: context_stack_references
---
- - InFunction:
      - run_prompt
      - start: 0
        end: 202
- - InFunction:
      - run_prompt
      - start: 0
        end: 202
  - FunctionArguments
  - IdentifierReferredTo:
      name: number_of_states
      in_scope: false
      exposed: false
- - InFunction:
      - run_prompt
      - start: 0
        end: 202
  - AssignmentToStatement
  - IdentifierReferredTo:
      name: out
      in_scope: false
      exposed: false
- - InFunction:
      - run_prompt
      - start: 0
        end: 202
  - AssignmentFromStatement
  - Constant: ""
- - InFunction:
      - run_prompt
      - start: 0
        end: 202
  - AssignmentToStatement
  - IdentifierReferredTo:
      name: state
      in_scope: false
      exposed: false
- - InFunction:
      - run_prompt
      - start: 0
        end: 202
  - IdentifierReferredTo:
      name: state
      in_scope: true
      exposed: false
- - InFunction:
      - run_prompt
      - start: 0
        end: 202
  - InCallExpression
  - Constant: "\n"
- - InFunction:
      - run_prompt
      - start: 0
        end: 202
  - InCallExpression
  - Constant: "\n"
  - Attribute: split
  - InCallExpression
  - IdentifierReferredTo:
      name: number_of_states
      in_scope: true
      exposed: false
- - InFunction:
      - run_prompt
      - start: 0
        end: 202
  - InCallExpression
  - Constant: "\n"
  - Attribute: split
  - InCallExpression
  - IdentifierReferredTo:
      name: get_states_first_letters
      in_scope: false
      exposed: false
- - InFunction:
      - run_prompt
      - start: 0
        end: 202
  - IdentifierReferredTo:
      name: out
      in_scope: true
      exposed: false
- - InFunction:
      - run_prompt
      - start: 0
        end: 202
  - InCallExpression
  - IdentifierReferredTo:
      name: state
      in_scope: true
      exposed: false
- - InFunction:
      - run_prompt
      - start: 0
        end: 202
  - InCallExpression
  - IdentifierReferredTo:
      name: first_letter
      in_scope: false
      exposed: false
- - InFunction:
      - run_prompt
      - start: 0
        end: 202
  - Constant: demo
- - InFunction:
      - run_prompt
      - start: 0
        end: 202
  - Constant: demo
  - IdentifierReferredTo:
      name: out
      in_scope: true
      exposed: false
