---
source: chidori-static-analysis/src/language/python/parse.rs
expression: context_stack_references
---
- - InFunction:
      - setup_pipeline
      - start: 25
        end: 60
- - InFunction:
      - setup_pipeline
      - start: 25
        end: 60
  - InFunctionDecorator: 0
  - InCallExpression
  - IdentifierReferredTo:
      - create_dockerfile
      - false
- - InFunction:
      - setup_pipeline
      - start: 25
        end: 60
  - InFunctionDecorator: 0
  - InCallExpression
  - Attribute: p
  - IdentifierReferredTo:
      - ch
      - false
- - InFunction:
      - setup_pipeline
      - start: 25
        end: 60
  - FunctionArguments
  - IdentifierReferredTo:
      - x
      - false
- - InFunction:
      - setup_pipeline
      - start: 25
        end: 60
  - IdentifierReferredTo:
      - x
      - true
