---
source: chidori-static-analysis/src/language/javascript/parse.rs
description: "const [g, h] = [5, 6];\n"
---
- - AssignmentToStatement
  - IdentifierReferredTo:
      name: g
      in_scope: false
      exposed: true
  - IdentifierReferredTo:
      name: h
      in_scope: false
      exposed: true
- - AssignmentFromStatement
