---
source: chidori-static-analysis/src/language/javascript/parse.rs
description: "function migrationAgent() {\n    ch.register();\n    ch.set(\"bar\", 1);\n}\n"
---
- - InFunction: migrationAgent
  - Params
- - InFunction: migrationAgent
  - InCallExpression
  - Attribute: register
  - IdentifierReferredTo:
      - ch
      - false
- - InFunction: migrationAgent
  - InCallExpression
  - Attribute: set
  - IdentifierReferredTo:
      - ch
      - false
  - Constant: bar
- - InFunction: migrationAgent
