---
source: chidori-static-analysis/src/language/javascript/parse.rs
description: "function createDockerfile() {\n    useHook(() => {\n       ch.prompt(\"demo\");\n    }, [otherFunction]);\n    return prompt(\"prompts/create_dockerfile\")\n}\n"
---
- - InFunction:
      - createDockerfile
      - start: 1
        end: 150
  - FunctionArguments
- - InFunction:
      - createDockerfile
      - start: 1
        end: 150
  - InCallExpression
  - IdentifierReferredTo:
      name: useHook
      in_scope: false
      exposed: true
  - InAnonFunction
  - FunctionArguments
- - InFunction:
      - createDockerfile
      - start: 1
        end: 150
  - InCallExpression
  - IdentifierReferredTo:
      name: useHook
      in_scope: false
      exposed: true
  - InAnonFunction
  - InCallExpression
  - Attribute: prompt
  - IdentifierReferredTo:
      name: ch
      in_scope: false
      exposed: false
  - Constant: demo
- - InFunction:
      - createDockerfile
      - start: 1
        end: 150
  - InCallExpression
  - IdentifierReferredTo:
      name: useHook
      in_scope: false
      exposed: true
  - InAnonFunction
- - InFunction:
      - createDockerfile
      - start: 1
        end: 150
  - InCallExpression
  - IdentifierReferredTo:
      name: useHook
      in_scope: false
      exposed: true
- - InFunction:
      - createDockerfile
      - start: 1
        end: 150
  - InCallExpression
  - IdentifierReferredTo:
      name: prompt
      in_scope: false
      exposed: true
  - Constant: prompts/create_dockerfile
- - InFunction:
      - createDockerfile
      - start: 1
        end: 150
