---
source: chidori-static-analysis/src/language/javascript/parse.rs
description: "function createDockerfile() {\n    return prompt(\"prompts/create_dockerfile\")\n}\n"
---
- - InFunction:
      - createDockerfile
      - start: 1
        end: 79
  - FunctionArguments
- - InFunction:
      - createDockerfile
      - start: 1
        end: 79
  - InCallExpression
  - IdentifierReferredTo:
      name: prompt
      in_scope: false
      exposed: true
  - Constant: prompts/create_dockerfile
- - InFunction:
      - createDockerfile
      - start: 1
        end: 79
