---
source: chidori-static-analysis/src/language/javascript/parse.rs
description: "function testing() {\n    ch.onEvent(\"new_file\");\n    ch.emitAs(\"file_created\");\n    const x = 2 + y;\n    return x\n}\n    "
---
- - InFunction:
      - testing
      - start: 1
        end: 116
  - FunctionArguments
- - InFunction:
      - testing
      - start: 1
        end: 116
  - InCallExpression
  - Attribute: onEvent
  - IdentifierReferredTo:
      name: ch
      in_scope: false
      exposed: true
  - Constant: new_file
- - InFunction:
      - testing
      - start: 1
        end: 116
  - InCallExpression
  - Attribute: emitAs
  - IdentifierReferredTo:
      name: ch
      in_scope: false
      exposed: true
  - Constant: file_created
- - InFunction:
      - testing
      - start: 1
        end: 116
  - AssignmentToStatement
  - IdentifierReferredTo:
      name: x
      in_scope: false
      exposed: true
- - InFunction:
      - testing
      - start: 1
        end: 116
  - AssignmentFromStatement
  - IdentifierReferredTo:
      name: y
      in_scope: false
      exposed: true
- - InFunction:
      - testing
      - start: 1
        end: 116
  - IdentifierReferredTo:
      name: x
      in_scope: true
      exposed: true
