---
source: chidori-static-analysis/src/language/javascript/parse.rs
description: "for (var i = 0; i < 5; i++) {\n    var z = i * 2;\n    console.log(z);\n}\n"
---
- - AssignmentToStatement
  - IdentifierReferredTo:
      name: i
      in_scope: false
      exposed: false
- - IdentifierReferredTo:
      name: i
      in_scope: true
      exposed: false
  - IdentifierReferredTo:
      name: i
      in_scope: true
      exposed: false
  - AssignmentToStatement
  - IdentifierReferredTo:
      name: z
      in_scope: false
      exposed: false
- - IdentifierReferredTo:
      name: i
      in_scope: true
      exposed: false
  - IdentifierReferredTo:
      name: i
      in_scope: true
      exposed: false
  - AssignmentFromStatement
  - IdentifierReferredTo:
      name: i
      in_scope: true
      exposed: false
- - IdentifierReferredTo:
      name: i
      in_scope: true
      exposed: false
  - IdentifierReferredTo:
      name: i
      in_scope: true
      exposed: false
  - InCallExpression
  - Attribute: log
  - IdentifierReferredTo:
      name: console
      in_scope: false
      exposed: false
  - IdentifierReferredTo:
      name: z
      in_scope: true
      exposed: false
