---
source: chidori-static-analysis/src/language/javascript/parse.rs
description: "function migrationAgent() {\n    ch.register();\n    ch.set(\"bar\", 1);\n}\n"
---
- - InFunction:
      - migrationAgent
      - start: 1
        end: 71
  - FunctionArguments
- - InFunction:
      - migrationAgent
      - start: 1
        end: 71
  - InCallExpression
  - Attribute: register
  - IdentifierReferredTo:
      name: ch
      in_scope: false
      exposed: true
- - InFunction:
      - migrationAgent
      - start: 1
        end: 71
  - InCallExpression
  - Attribute: set
  - IdentifierReferredTo:
      name: ch
      in_scope: false
      exposed: true
  - Constant: bar
- - InFunction:
      - migrationAgent
      - start: 1
        end: 71
