---
source: chidori-static-analysis/src/language/javascript/parse.rs
description: "import { assertEquals } from \"https://deno.land/std@0.221.0/assert/mod.ts\";\n\nDeno.test(\"addition test\", async () => {\n    const result = await add_two(2);\n    console.log(result);\n    assertEquals(result, 4);\n});\n"
---
- - InCallExpression
  - Attribute: test
  - IdentifierReferredTo:
      name: Deno
      in_scope: false
      exposed: true
  - Constant: addition test
  - InAnonFunction
  - FunctionArguments
- - InCallExpression
  - Attribute: test
  - IdentifierReferredTo:
      name: Deno
      in_scope: false
      exposed: true
  - Constant: addition test
  - InAnonFunction
  - AssignmentToStatement
  - IdentifierReferredTo:
      name: result
      in_scope: false
      exposed: false
- - InCallExpression
  - Attribute: test
  - IdentifierReferredTo:
      name: Deno
      in_scope: false
      exposed: true
  - Constant: addition test
  - InAnonFunction
  - AssignmentFromStatement
  - InCallExpression
  - IdentifierReferredTo:
      name: add_two
      in_scope: false
      exposed: false
- - InCallExpression
  - Attribute: test
  - IdentifierReferredTo:
      name: Deno
      in_scope: false
      exposed: true
  - Constant: addition test
  - InAnonFunction
  - AssignmentFromStatement
- - InCallExpression
  - Attribute: test
  - IdentifierReferredTo:
      name: Deno
      in_scope: false
      exposed: true
  - Constant: addition test
  - InAnonFunction
  - InCallExpression
  - Attribute: log
  - IdentifierReferredTo:
      name: console
      in_scope: false
      exposed: false
  - IdentifierReferredTo:
      name: result
      in_scope: true
      exposed: false
- - InCallExpression
  - Attribute: test
  - IdentifierReferredTo:
      name: Deno
      in_scope: false
      exposed: true
  - Constant: addition test
  - InAnonFunction
  - InCallExpression
  - IdentifierReferredTo:
      name: assertEquals
      in_scope: true
      exposed: false
  - IdentifierReferredTo:
      name: result
      in_scope: true
      exposed: false
- - InCallExpression
  - Attribute: test
  - IdentifierReferredTo:
      name: Deno
      in_scope: false
      exposed: true
  - Constant: addition test
  - InAnonFunction
- - InCallExpression
  - Attribute: test
  - IdentifierReferredTo:
      name: Deno
      in_scope: false
      exposed: true
  - Constant: addition test
