---
source: chidori-static-analysis/src/language/javascript/parse.rs
description: "function subtract(a, b) {\n    return a - b;\n}\n\n// Example usage\nconst v = subtract(x, 5);\n"
---
- - InFunction:
      - subtract
      - start: 1
        end: 46
  - FunctionArguments
  - IdentifierReferredTo:
      name: a
      in_scope: false
      exposed: true
  - IdentifierReferredTo:
      name: b
      in_scope: false
      exposed: true
- - InFunction:
      - subtract
      - start: 1
        end: 46
  - IdentifierReferredTo:
      name: a
      in_scope: true
      exposed: true
  - IdentifierReferredTo:
      name: b
      in_scope: true
      exposed: true
- - AssignmentToStatement
  - IdentifierReferredTo:
      name: v
      in_scope: false
      exposed: true
- - AssignmentFromStatement
  - InCallExpression
  - IdentifierReferredTo:
      name: subtract
      in_scope: true
      exposed: true
  - IdentifierReferredTo:
      name: x
      in_scope: false
      exposed: true
- - AssignmentFromStatement
