---
source: chidori-static-analysis/src/language/javascript/parse.rs
description: "const pairs = [[1, 'one'], [2, 'two'], [3, 'three']];\nfor (const [num, word] of pairs) {\n    console.log(num, word);\n}\n"
---
internal_call_graph: {}
cell_exposed_values:
  pairs: {}
cell_depended_values: {}
triggerable_functions: {}
