---
source: chidori-static-analysis/src/language/javascript/parse.rs
description: "import { random } from \"random\"\n\nfunction fun_name() {\n    const w = function_that_doesnt_exist()\n    const v = 5\n    return v\n}\n\nx = random.randint(0, 10)"
---
- - InFunction:
      - fun_name
      - start: 34
        end: 129
  - FunctionArguments
- - InFunction:
      - fun_name
      - start: 34
        end: 129
  - AssignmentToStatement
  - IdentifierReferredTo:
      name: w
      in_scope: false
      exposed: true
- - InFunction:
      - fun_name
      - start: 34
        end: 129
  - AssignmentFromStatement
  - InCallExpression
  - IdentifierReferredTo:
      name: function_that_doesnt_exist
      in_scope: false
      exposed: true
- - InFunction:
      - fun_name
      - start: 34
        end: 129
  - AssignmentFromStatement
- - InFunction:
      - fun_name
      - start: 34
        end: 129
  - AssignmentToStatement
  - IdentifierReferredTo:
      name: v
      in_scope: false
      exposed: true
- - InFunction:
      - fun_name
      - start: 34
        end: 129
  - AssignmentFromStatement
- - InFunction:
      - fun_name
      - start: 34
        end: 129
  - IdentifierReferredTo:
      name: v
      in_scope: true
      exposed: true
- - AssignmentToStatement
  - IdentifierReferredTo:
      name: x
      in_scope: false
      exposed: true
- - AssignmentFromStatement
  - InCallExpression
  - Attribute: randint
  - IdentifierReferredTo:
      name: random
      in_scope: true
      exposed: true
- - AssignmentFromStatement
