---
source: chidori-static-analysis/src/language/javascript/parse.rs
description: "function testing(x) {\n    return x\n}\n    "
---
- - InFunction:
      - testing
      - start: 1
        end: 37
  - FunctionArguments
  - IdentifierReferredTo:
      name: x
      in_scope: false
      exposed: true
- - InFunction:
      - testing
      - start: 1
        end: 37
  - IdentifierReferredTo:
      name: x
      in_scope: true
      exposed: true
