---
source: chidori-static-analysis/src/language/javascript/parse.rs
description: "function main() {\n    bar() | foo() | baz()\n}\n"
---
- - InFunction:
      - main
      - start: 1
        end: 46
  - FunctionArguments
- - InFunction:
      - main
      - start: 1
        end: 46
  - InCallExpression
  - IdentifierReferredTo:
      name: bar
      in_scope: false
      exposed: true
- - InFunction:
      - main
      - start: 1
        end: 46
  - InCallExpression
  - IdentifierReferredTo:
      name: foo
      in_scope: false
      exposed: true
- - InFunction:
      - main
      - start: 1
        end: 46
  - InCallExpression
  - IdentifierReferredTo:
      name: baz
      in_scope: false
      exposed: true
- - InFunction:
      - main
      - start: 1
        end: 46
