---
source: chidori-static-analysis/src/language/javascript/parse.rs
description: "function dispatch_agent(ev) {\n    ch.onEvent(\"new_file\")\n    ch.emitAs(\"file_created\")\n    ch.emitAs(\"file_created\", \"multiple\", \"args\")\n    ch.set(\"file_path\", ev.file_path)\n}\n"
---
- - InFunction:
      - dispatch_agent
      - start: 1
        end: 177
  - Params
  - IdentifierReferredTo:
      - ev
      - false
- - InFunction:
      - dispatch_agent
      - start: 1
        end: 177
  - InCallExpression
  - Attribute: onEvent
  - IdentifierReferredTo:
      - ch
      - false
  - Constant: new_file
- - InFunction:
      - dispatch_agent
      - start: 1
        end: 177
  - InCallExpression
  - Attribute: emitAs
  - IdentifierReferredTo:
      - ch
      - false
  - Constant: file_created
- - InFunction:
      - dispatch_agent
      - start: 1
        end: 177
  - InCallExpression
  - Attribute: emitAs
  - IdentifierReferredTo:
      - ch
      - false
  - Constant: file_created
  - Constant: multiple
  - Constant: args
- - InFunction:
      - dispatch_agent
      - start: 1
        end: 177
  - InCallExpression
  - Attribute: set
  - IdentifierReferredTo:
      - ch
      - false
  - Constant: file_path
  - Attribute: file_path
  - IdentifierReferredTo:
      - ev
      - true
- - InFunction:
      - dispatch_agent
      - start: 1
        end: 177
